WAITLOAD start 05:04:16 load=1.39 1.80 2.28 1/169 597
chromium 141.0.7390.37 args  load 1.39 1.80 2.28
[1.39 1.80 2.28] == N=25000
[1.39 1.80 2.28] [null] nq.exact.uniform                   med    6815.0 us  [6756.3-7488.8]
[1.39 1.80 2.28] [null] nq.cellAggregates.uniform          med    1420.6 us  [1370.6-1522.2]
[1.44 1.80 2.28] [null] nq.exact.clustered                 med   12285.0 us  [12177.5-24112.5]
[1.44 1.80 2.28] [null] nq.cellAggregates.clustered        med    1398.1 us  [1369.4-2489.4]
[1.44 1.80 2.28] [null] util.stagger.1of1                  med    1242.5 us  [1111.1-3117.2]
[1.44 1.80 2.28] [null] util.stagger.1of4                  med     276.0 us  [268.0-314.0]
[1.44 1.80 2.28] [null] util.stagger.1of8                  med     139.0 us  [136.1-142.3]
[1.44 1.80 2.28] [null] util.stagger.1of16                 med      71.4 us  [66.9-86.4]
[1.44 1.80 2.28] [null] think.scan.trivial                 med      90.2 us  [82.3-112.9]
[1.44 1.80 2.28] [null] think.wheel.trivial                med       3.5 us  [3.4-15.3]
[1.44 1.80 2.28] [null] think.scan.utility                 med     171.0 us  [158.2-184.0]
[1.44 1.80 2.28] [null] think.wheel.utility                med      81.6 us  [76.0-92.9]
[1.44 1.80 2.28] [null] move.all                           med     147.7 us  [146.0-197.7]
[1.97 1.90 2.31] [null] move.10pct.flagcheck               med      92.3 us  [90.6-115.5]
[1.97 1.90 2.31] [null] move.10pct.awakeList               med      19.4 us  [17.6-20.3]
[1.97 1.90 2.31] == N=100000
[1.97 1.90 2.31] [null] nq.exact.uniform                   med   28715.0 us  [27755.0-33000.0]
[1.97 1.90 2.31] [null] nq.cellAggregates.uniform          med    5609.0 us  [5531.0-5708.0]
[1.97 1.90 2.31] [null] nq.exact.clustered                 med  117900.0 us  [117265.0-138115.0]
[1.97 1.90 2.31] [null] nq.cellAggregates.clustered        med    5590.0 us  [5544.0-5685.0]
[1.97 1.90 2.31] [null] util.stagger.1of1                  med    5273.3 us  [4322.5-5914.2]
[1.97 1.90 2.31] [null] util.stagger.1of4                  med    1417.5 us  [1112.8-1611.9]
[1.97 1.91 2.31] [null] util.stagger.1of8                  med     570.6 us  [548.2-944.3]
[1.97 1.91 2.31] [null] util.stagger.1of16                 med     280.7 us  [273.5-380.7]
[1.97 1.91 2.31] [null] think.scan.trivial                 med     427.8 us  [373.3-607.0]
[1.97 1.91 2.31] [null] think.wheel.trivial                med      64.2 us  [36.3-71.6]
[1.97 1.91 2.31] [null] think.scan.utility                 med     685.4 us  [680.1-775.6]
[1.97 1.91 2.31] [null] think.wheel.utility                med     399.8 us  [385.8-438.4]
[1.97 1.91 2.31] [null] move.all                           med     714.0 us  [672.4-768.3]
[1.97 1.91 2.31] [null] move.10pct.flagcheck               med     393.0 us  [379.1-448.5]
[1.97 1.91 2.31] [null] move.10pct.awakeList               med      88.9 us  [86.5-90.7]
gc trace lines captured: 0 []
WAITLOAD end 05:04:33 load=1.97 1.91 2.31 1/111 835
