WAITLOAD start 05:00:39 load=1.42 2.11 2.49 1/170 31562
== N=25000
[1.42 2.11 2.49] nq.exact.uniform                   med    7214.9 us  [7168.3-7267.6]
[1.42 2.11 2.49] nq.cellAggregates.uniform          med    1377.3 us  [1367.9-1445.1]
[1.42 2.11 2.49] nq.exact.clustered                 med   13473.8 us  [12967.3-16088.9]
[1.42 2.11 2.49] nq.cellAggregates.clustered        med    1409.2 us  [1366.0-2513.0]
[1.42 2.11 2.49] util.stagger.1of1                  med    1284.2 us  [1266.4-1354.3]
[1.42 2.11 2.49] util.stagger.1of4                  med     327.1 us  [305.8-463.0]
[1.47 2.10 2.48] util.stagger.1of8                  med     154.5 us  [151.5-164.1]
[1.47 2.10 2.48] util.stagger.1of16                 med      77.3 us  [76.1-79.6]
[1.47 2.10 2.48] think.scan.trivial                 med      70.2 us  [49.0-133.5]
[1.47 2.10 2.48] think.wheel.trivial                med       4.0 us  [3.7-6.9]
[1.47 2.10 2.48] think.scan.utility                 med     138.4 us  [128.1-153.2]
[1.47 2.10 2.48] think.wheel.utility                med      69.4 us  [67.9-74.2]
[1.47 2.10 2.48] move.all                           med     192.3 us  [190.9-196.9]
[1.47 2.10 2.48] move.10pct.flagcheck               med      57.1 us  [55.0-176.8]
[1.47 2.10 2.48] move.10pct.awakeList               med      15.6 us  [15.2-16.2]
== N=100000
[1.47 2.10 2.48] nq.exact.uniform                   med   30216.9 us  [29735.1-30978.5]
[1.47 2.10 2.48] nq.cellAggregates.uniform          med    5686.5 us  [5497.6-5815.5]
[1.59 2.12 2.49] nq.exact.clustered                 med  127393.9 us  [125324.9-152158.1]
[1.59 2.12 2.49] nq.cellAggregates.clustered        med    5591.2 us  [5540.1-5917.0]
[1.59 2.12 2.49] util.stagger.1of1                  med    4907.0 us  [4872.0-5019.3]
[1.59 2.12 2.49] util.stagger.1of4                  med    1257.1 us  [1242.9-1310.3]
[1.59 2.12 2.49] util.stagger.1of8                  med     744.3 us  [626.1-982.2]
[1.59 2.12 2.49] util.stagger.1of16                 med     315.8 us  [307.3-321.6]
[1.59 2.12 2.49] think.scan.trivial                 med     339.6 us  [329.1-358.8]
[1.62 2.12 2.48] think.wheel.trivial                med      38.5 us  [36.9-39.6]
[1.62 2.12 2.48] think.scan.utility                 med     589.7 us  [575.0-599.4]
[1.62 2.12 2.48] think.wheel.utility                med     338.0 us  [329.7-350.4]
[1.62 2.12 2.48] move.all                           med     843.3 us  [787.7-1081.6]
[1.62 2.12 2.48] move.10pct.flagcheck               med     420.7 us  [403.6-479.3]
[1.62 2.12 2.48] move.10pct.awakeList               med      84.3 us  [80.5-108.2]
WAITLOAD end 05:00:55 load=1.62 2.12 2.48 1/171 31728
