WAITLOAD start 05:01:25 load=1.43 2.03 2.44 2/181 31946
== N=25000
[1.43 2.03 2.44] nq.exact.uniform                   med    8025.3 us  [7719.7-9655.4]
[1.43 2.03 2.44] nq.cellAggregates.uniform          med     907.3 us  [882.9-926.8]
[1.43 2.03 2.44] nq.exact.clustered                 med   13835.1 us  [13656.4-14556.8]
[1.43 2.03 2.44] nq.cellAggregates.clustered        med     899.1 us  [887.3-911.5]
[1.43 2.03 2.44] util.stagger.1of1                  med    1227.1 us  [1195.6-1424.8]
[1.39 2.01 2.43] util.stagger.1of4                  med     302.9 us  [298.8-308.9]
[1.39 2.01 2.43] util.stagger.1of8                  med     151.3 us  [150.0-152.2]
[1.39 2.01 2.43] util.stagger.1of16                 med      85.3 us  [76.6-109.0]
[1.39 2.01 2.43] think.scan.trivial                 med      27.0 us  [26.8-27.3]
[1.39 2.01 2.43] think.wheel.trivial                med       3.4 us  [3.3-3.4]
[1.39 2.01 2.43] think.scan.utility                 med     113.7 us  [111.7-117.2]
[1.39 2.01 2.43] think.wheel.utility                med      66.2 us  [63.2-73.8]
[1.39 2.01 2.43] move.all                           med     182.4 us  [170.2-257.1]
[1.39 2.01 2.43] move.10pct.flagcheck               med      65.0 us  [61.9-70.7]
[1.39 2.01 2.43] move.10pct.awakeList               med      18.4 us  [17.6-20.0]
== N=100000
[1.44 2.01 2.43] nq.exact.uniform                   med   31837.1 us  [31350.5-32410.2]
[1.44 2.01 2.43] nq.cellAggregates.uniform          med    3657.8 us  [3638.6-3937.1]
[1.44 2.01 2.43] nq.exact.clustered                 med  129965.1 us  [127613.8-138434.9]
[1.44 2.01 2.43] nq.cellAggregates.clustered        med    3682.3 us  [3579.2-3824.8]
[1.44 2.01 2.43] util.stagger.1of1                  med    4972.6 us  [4843.1-5469.6]
[1.44 2.01 2.43] util.stagger.1of4                  med    1233.0 us  [1215.7-1348.6]
[1.44 2.01 2.43] util.stagger.1of8                  med     613.3 us  [605.9-624.5]
[1.57 2.02 2.43] util.stagger.1of16                 med     315.2 us  [304.6-318.6]
[1.57 2.02 2.43] think.scan.trivial                 med     125.7 us  [123.9-131.2]
[1.57 2.02 2.43] think.wheel.trivial                med      52.2 us  [48.5-104.2]
[1.57 2.02 2.43] think.scan.utility                 med     498.8 us  [474.8-777.3]
[1.57 2.02 2.43] think.wheel.utility                med     323.8 us  [309.3-343.1]
[1.57 2.02 2.43] move.all                           med     713.5 us  [686.6-1153.4]
[1.57 2.02 2.43] move.10pct.flagcheck               med     285.9 us  [270.5-328.4]
[1.57 2.02 2.43] move.10pct.awakeList               med      74.3 us  [73.5-82.1]
WAITLOAD end 05:01:41 load=1.57 2.02 2.43 2/180 32072
