WAITLOAD start 05:02:00 load=1.48 1.97 2.41 5/182 32378
chromium 141.0.7390.37 args  load 1.48 1.97 2.41
[1.48 1.97 2.41] == agents N=10000
[1.48 1.97 2.41] [null]   move.js.f32                        med      61.0 us  [58.6-121.6] x370
[1.48 1.97 2.41] [null]   move.js.f32.fround                 med      96.6 us  [95.7-97.9] x246
[1.48 1.97 2.41] [null]   move.js.i32                        med      71.7 us  [70.3-75.9] x338
[1.48 1.97 2.41] [null]   move.wasm.f32.scalar               med      42.9 us  [41.8-43.2] x560
[1.52 1.97 2.41] [null]   move.wasm.i32.scalar               med      48.2 us  [44.4-57.3] x527
[1.52 1.97 2.41] [null]   move.wasm.f32.autovec              med      13.4 us  [13.2-14.0] x1730
[1.52 1.97 2.41] [null]   move.wasm.f32.simd                 med      14.2 us  [13.5-14.4] x1592
[1.52 1.97 2.41] [null]   move.wasm.i32.autovec              med      12.6 us  [12.1-14.6] x1715
[1.52 1.97 2.41] [null]   move.wasm.i32.simd                 med      12.5 us  [11.3-13.7] x2007
[1.52 1.97 2.41] [null]   grid.js.f32                        med     202.8 us  [174.3-308.0] x122
[1.52 1.97 2.41] [null]   grid.js.i32                        med     153.6 us  [152.1-157.1] x146
[1.52 1.97 2.41] [null]   grid.wasm.f32.scalar               med     122.8 us  [112.2-133.5] x219
[1.52 1.97 2.41] [null]   grid.wasm.f32.autovec              med     127.3 us  [113.3-135.2] x216
[1.52 1.97 2.41] [null]   grid.wasm.i32.scalar               med      76.9 us  [73.9-107.0] x304
[1.56 1.97 2.40] [null]   nq.js.f32                          med    2895.0 us  [2803.3-3098.3] x6
[1.56 1.97 2.40] [null]   nq.js.f32.branchless               med    3007.5 us  [2905.0-3536.2] x8
[1.56 1.97 2.40] [null]   nq.js.f32.fround                   med    4857.0 us  [4813.0-8384.0] x5
[1.56 1.97 2.40] [null]   nq.js.f32.indirect                 med    3230.0 us  [3087.5-3255.0] x8
[1.56 1.97 2.40] [null]   nq.js.i32                          med    2491.7 us  [2434.4-2924.4] x9
[1.56 1.97 2.40] [null]   nq.js.f32.on-wasm-memory           med    2870.0 us  [2767.8-3440.6] x9
[1.56 1.97 2.40] [null]   nq.wasm.f32.scalar                 med    2610.5 us  [2569.5-2785.0] x10
[1.56 1.97 2.40] [null]   nq.wasm.f64mimic.scalar            med    2913.9 us  [2846.1-3036.7] x9
[1.56 1.97 2.40] [null]   nq.wasm.i32.scalar                 med    1818.1 us  [1352.5-2276.1] x18
[1.56 1.97 2.40] [null]   nq.wasm.f32.autovec                med    2708.9 us  [2557.2-3431.7] x9
[1.56 1.97 2.40] [null]   nq.wasm.f32.simd                   med     979.5 us  [961.1-1056.4] x22
[1.52 1.96 2.39] [null]   nq.wasm.i32.autovec                med     813.3 us  [788.5-1161.5] x30
[1.52 1.96 2.39] [null]   nq.wasm.i32.simd                   med     823.8 us  [811.7-866.0] x30
[1.52 1.96 2.39] [null]   util.js                            med    1151.7 us  [1125.5-1191.2] x21
[1.52 1.96 2.39] [null]   util.js.hoisted-unrolled           med     421.9 us  [415.2-503.1] x43
[1.52 1.96 2.39] [null]   util.wasm.scalar                   med     317.1 us  [313.0-322.6] x78
[1.52 1.96 2.39] [null]   util.wasm.autovec                  med     316.9 us  [312.9-530.5] x66
[1.52 1.96 2.39] [null]   move.simd.zero-copy                med      13.4 us  [13.0-13.9] x1804
[1.52 1.96 2.39] [null]   copy.only.8x                       med       7.3 us  [7.3-7.8] x3195
[1.52 1.96 2.39] [null]   move.simd.copy-in-out              med      21.8 us  [20.8-24.3] x1062
[1.52 1.96 2.39] [null]   grid+nq.simd.zero-copy             med    1082.0 us  [1073.2-1519.8] x22
[1.47 1.94 2.39] [null]   grid+nq.simd.copy-in-out           med    1114.6 us  [1085.7-1247.4] x23
[1.47 1.94 2.39] [null]   grid+nq.js                         med    3045.0 us  [2978.3-3100.0] x9
[1.47 1.94 2.39] [null]   nq.js.f32.clustered                med    3978.6 us  [3742.9-4491.4] x7
[1.47 1.94 2.39] [null]   nq.wasm.f32.simd.clustered         med    1160.7 us  [1117.1-1216.0] x21
[1.47 1.94 2.39] == agents N=25000
[1.47 1.94 2.39] [null]   move.js.f32                        med     152.5 us  [146.6-154.3] x166
[1.47 1.94 2.39] [null]   move.js.f32.fround                 med     244.9 us  [239.4-268.0] x103
[1.47 1.94 2.39] [null]   move.js.i32                        med     182.1 us  [177.8-196.3] x137
[1.47 1.94 2.39] [null]   move.wasm.f32.scalar               med     106.8 us  [103.7-129.7] x227
[1.47 1.94 2.39] [null]   move.wasm.i32.scalar               med     112.3 us  [110.3-114.2] x220
[1.47 1.94 2.39] [null]   move.wasm.f32.autovec              med      34.5 us  [33.4-37.8] x683
[1.47 1.94 2.39] [null]   move.wasm.f32.simd                 med      33.5 us  [33.1-54.6] x720
[1.52 1.94 2.38] [null]   move.wasm.i32.autovec              med      30.8 us  [30.4-32.7] x797
[1.52 1.94 2.38] [null]   move.wasm.i32.simd                 med      28.9 us  [28.6-29.5] x850
[1.52 1.94 2.38] [null]   grid.js.f32                        med     470.8 us  [461.4-477.3] x53
[1.52 1.94 2.38] [null]   grid.js.i32                        med     404.8 us  [397.5-470.7] x52
[1.52 1.94 2.38] [null]   grid.wasm.f32.scalar               med     296.8 us  [292.2-304.7] x83
[1.52 1.94 2.38] [null]   grid.wasm.f32.autovec              med     307.0 us  [295.8-395.3] x82
[1.52 1.94 2.38] [null]   grid.wasm.i32.scalar               med     210.0 us  [206.0-298.9] x96
[1.52 1.94 2.38] [null]   nq.js.f32                          med    6992.5 us  [6862.5-7612.5] x4
[1.52 1.94 2.38] [null]   nq.js.f32.branchless               med    7256.2 us  [7200.0-7345.0] x4
[1.52 1.94 2.38] [null]   nq.js.f32.fround                   med   12173.3 us  [12045.0-12408.3] x3
[1.47 1.93 2.38] [null]   nq.js.f32.indirect                 med    7972.5 us  [7793.8-8160.0] x4
[1.47 1.93 2.38] [null]   nq.js.i32                          med    6327.5 us  [6185.0-7053.7] x4
[1.47 1.93 2.38] [null]   nq.js.f32.on-wasm-memory           med    7145.0 us  [6995.0-7996.3] x4
[1.47 1.93 2.38] [null]   nq.wasm.f32.scalar                 med    6432.5 us  [6347.5-6532.5] x4
[1.47 1.93 2.38] [null]   nq.wasm.f64mimic.scalar            med    7222.5 us  [7146.2-9725.0] x4
[1.47 1.93 2.38] [null]   nq.wasm.i32.scalar                 med    3520.7 us  [3379.3-3896.4] x7
[1.47 1.93 2.38] [null]   nq.wasm.f32.autovec                med    6353.7 us  [6326.2-6486.3] x4
[1.47 1.93 2.38] [null]   nq.wasm.f32.simd                   med    2405.0 us  [2389.1-2428.2] x11
[1.47 1.93 2.38] [null]   nq.wasm.i32.autovec                med    2013.8 us  [1979.2-2216.9] x13
[1.47 1.93 2.38] [null]   nq.wasm.i32.simd                   med    2164.6 us  [2040.4-2526.2] x12
[1.44 1.91 2.37] [null]   util.js                            med    2973.7 us  [2883.1-5115.0] x8
[1.44 1.91 2.37] [null]   util.js.hoisted-unrolled           med    1067.7 us  [1056.7-1083.1] x24
[1.44 1.91 2.37] [null]   util.wasm.scalar                   med     804.5 us  [780.3-814.5] x30
[1.44 1.91 2.37] [null]   util.wasm.autovec                  med     801.3 us  [777.7-841.3] x30
[1.44 1.91 2.37] [null]   move.simd.zero-copy                med      33.6 us  [33.0-35.0] x730
[1.44 1.91 2.37] [null]   copy.only.8x                       med      19.9 us  [19.6-20.6] x1171
[1.44 1.91 2.37] [null]   move.simd.copy-in-out              med      52.8 us  [51.8-54.0] x440
[1.44 1.91 2.37] [null]   grid+nq.simd.zero-copy             med    2749.5 us  [2676.0-2831.5] x10
[1.44 1.91 2.37] [null]   grid+nq.simd.copy-in-out           med    2785.0 us  [2756.5-2837.5] x10
[1.44 1.91 2.37] [null]   grid+nq.js                         med    7480.0 us  [7366.2-7890.0] x4
[1.40 1.90 2.36] [null]   nq.js.f32.clustered                med   12582.5 us  [12537.5-12712.5] x2
[1.40 1.90 2.36] [null]   nq.wasm.f32.simd.clustered         med    3428.1 us  [3378.7-4335.6] x8
[1.40 1.90 2.36]   determinism: {"move_f32":{"js":"ff04c03f662a05ce","jsFround":"9b8c38535dfc0230","wasmScalar":"9b8c38535dfc0230","jsVsWasmDiffWords":107,"wasmSimd":"9b8c38535dfc0230","wasmAutovec":"9b8c38535dfc0230"},"move_i32":{"js":"c8c7546c6d005db5","wasmScalar":"c8c7546c6d005db5","wasmSimd":"c8c7546c6d005db5"},"nq_f32":{"gridIdentical":true,"js":"c3d9f399baac42eff64d77c7","jsBranchless":"c3d9f399baac42eff64d77c7","jsFround":"c3d9f3994a2a05e563fe39e5","wasmF64mimic":"c3d9f399baac42eff64d77c7","wasmF32scalar":"c3d9f3994a2a05e563fe39e5","jsVsF32_axDiff":308,"jsVsF32_cntDiff":0,"wasmF32simd":"c3d9f399934a9061bc0e301f","scalarVsSimd_axDiff":293,"scalarVsSimd_cntDiff":0,"wasmF32autovec":"c3d9f3994a2a05e563fe39e5"},"nq_i32":{"js":"7ef07f016a04e5852262129d","wasmScalar":"7ef07f016a04e5852262129d","wasmSimd":"7ef07f016a04e5852262129d"},"util":{"js":"8803e8849f1ae7cc","jsHoisted":"8803e8849f1ae7cc","wasmScalar":"8803e8849f1ae7cc","wasmAutovec":"8803e8849f1ae7cc"}}
[1.40 1.90 2.36] == agents N=100000
[1.40 1.90 2.36] [null]   move.js.f32                        med     641.7 us  [605.8-808.5] x33
[1.40 1.90 2.36] [null]   move.js.f32.fround                 med    1352.8 us  [1010.8-1676.4] x25
[1.40 1.90 2.36] [null]   move.js.i32                        med     749.1 us  [734.4-758.4] x34
[1.40 1.90 2.36] [null]   move.wasm.f32.scalar               med     442.5 us  [422.3-566.4] x59
[1.40 1.90 2.36] [null]   move.wasm.i32.scalar               med     448.0 us  [444.3-505.8] x56
[1.40 1.90 2.36] [null]   move.wasm.f32.autovec              med     139.5 us  [135.4-151.8] x174
[1.40 1.90 2.36] [null]   move.wasm.f32.simd                 med     134.7 us  [134.0-159.5] x173
[1.40 1.90 2.36] [null]   move.wasm.i32.autovec              med     192.1 us  [129.2-204.0] x189
[1.37 1.88 2.35] [null]   move.wasm.i32.simd                 med     125.9 us  [121.9-142.2] x197
[1.37 1.88 2.35] [null]   grid.js.f32                        med    2484.1 us  [2209.1-2773.2] x11
[1.37 1.88 2.35] [null]   grid.js.i32                        med    2039.6 us  [1934.6-2211.5] x13
[1.37 1.88 2.35] [null]   grid.wasm.f32.scalar               med    1557.1 us  [1516.8-1582.5] x14
[1.37 1.88 2.35] [null]   grid.wasm.f32.autovec              med    1558.7 us  [1529.7-1581.9] x16
[1.37 1.88 2.35] [null]   grid.wasm.i32.scalar               med    1275.2 us  [1246.5-1661.2] x20
[1.37 1.88 2.35] [null]   nq.js.f32                          med   28935.0 us  [28235.0-38620.0] x1
[1.37 1.88 2.35] [null]   nq.js.f32.branchless               med   29930.0 us  [29545.0-34960.0] x1
[1.37 1.88 2.35] [null]   nq.js.f32.fround                   med   52475.0 us  [50535.0-55385.0] x1
[1.42 1.88 2.35] [null]   nq.js.f32.indirect                 med   35560.0 us  [34060.0-38600.0] x1
[1.42 1.88 2.35] [null]   nq.js.i32                          med   29650.0 us  [24970.0-34110.0] x1
[1.42 1.88 2.35] [null]   nq.js.f32.on-wasm-memory           med   28555.0 us  [28410.0-29580.0] x1
[1.42 1.88 2.35] [null]   nq.wasm.f32.scalar                 med   26295.0 us  [26125.0-26905.0] x1
[1.42 1.88 2.35] [null]   nq.wasm.f64mimic.scalar            med   29325.0 us  [28705.0-30035.0] x1
[1.42 1.88 2.35] [null]   nq.wasm.i32.scalar                 med   14350.0 us  [13775.0-20407.5] x2
[1.42 1.88 2.35] [null]   nq.wasm.f32.autovec                med   26165.0 us  [25985.0-27955.0] x1
[1.42 1.88 2.35] [null]   nq.wasm.f32.simd                   med   10745.0 us  [9756.7-14295.0] x3
[1.42 1.88 2.35] [null]   nq.wasm.i32.autovec                med    8546.7 us  [8136.7-10698.3] x3
[1.42 1.88 2.35] [null]   nq.wasm.i32.simd                   med    8798.3 us  [8500.0-9316.7] x3
[1.71 1.93 2.37] [null]   util.js                            med   11923.3 us  [11825.0-12641.7] x3
[1.71 1.93 2.37] [null]   util.js.hoisted-unrolled           med    4425.0 us  [4355.0-5250.0] x6
[1.71 1.93 2.37] [null]   util.wasm.scalar                   med    3248.1 us  [3181.9-3382.5] x8
[1.71 1.93 2.37] [null]   util.wasm.autovec                  med    3168.1 us  [3139.4-3195.0] x8
[1.71 1.93 2.37] [null]   move.simd.zero-copy                med     140.3 us  [137.0-146.8] x156
[1.71 1.93 2.37] [null]   copy.only.8x                       med     253.3 us  [249.6-267.0] x98
[1.71 1.93 2.37] [null]   move.simd.copy-in-out              med     377.4 us  [367.4-467.1] x66
[1.71 1.93 2.37] [null]   grid+nq.simd.zero-copy             med   12377.5 us  [11997.5-14660.0] x2
[1.71 1.93 2.37] [null]   grid+nq.simd.copy-in-out           med   12615.0 us  [12272.5-15085.0] x2
[1.71 1.93 2.37] [null]   grid+nq.js                         med   31490.0 us  [31155.0-48965.0] x1
[1.81 1.95 2.37] [null]   nq.js.f32.clustered                med  121345.0 us  [120570.0-152825.0] x1
[1.81 1.95 2.37] [null]   nq.wasm.f32.simd.clustered         med   26432.5 us  [24265.0-30500.0] x2
[1.81 1.95 2.37] == settlements S=1000
[1.81 1.95 2.37] [null]   settle.js                          med     570.0 us  [558.6-595.3] x33
[1.81 1.95 2.37] [null]   settle.wasm.scalar                 med     347.7 us  [340.6-371.0] x70
[1.81 1.95 2.37] [null]   settle.wasm.autovec                med     350.6 us  [345.2-411.3] x71
[1.83 1.95 2.37] [null]   day.k8.js.settle                   med     574.1 us  [569.4-631.1] x200
[1.83 1.95 2.37] [null]   day.k8.js.flows                    med     185.7 us  [181.3-196.9] x200
[1.83 1.95 2.37] [null]   day.k8.wasm.settle                 med     348.6 us  [344.7-366.7] x200
[1.83 1.95 2.37] [null]   day.k8.wasm.flows                  med      92.2 us  [91.7-98.4] x200
[1.83 1.95 2.37] [null]   day.k24.js.settle                  med     577.9 us  [565.5-622.8] x200
[1.83 1.95 2.37] [null]   day.k24.js.flows                   med     469.1 us  [460.5-489.6] x200
[1.83 1.95 2.37] [null]   day.k24.wasm.settle                med     353.3 us  [347.5-370.9] x200
[1.83 1.95 2.37] [null]   day.k24.wasm.flows                 med     269.9 us  [261.3-276.5] x200
[1.83 1.95 2.37] [null]   dense.onthefly.js.f64              med    4513.3 us  [4100.0-7034.2] x6
[1.83 1.95 2.37] [null]   dense.onthefly.wasm.f32.scalar     med    2554.5 us  [2536.4-2700.9] x11
[1.83 1.95 2.37] [null]   dense.onthefly.wasm.f32.simd       med     623.4 us  [620.2-932.6] x41
[1.83 1.95 2.37] [null]   dense.matrix.js                    med    2200.8 us  [2190.0-2251.7] x12
[1.83 1.95 2.37]   determinism365: {"jsPopFoodPrice":"e03c70bd3e618232d3748235","wasmPopFoodPrice":"e03c70bd3e618232d3748235","jsHH":"5b4dbbf3","wasmHH":"5b4dbbf3","moneyConservedJS":true,"moneyConservedWasm":true,"pop0":20711422,"pop1":20868449,"jsYearMs":259.3650000002235,"wasmYearMs":152.84500000067055}
[1.83 1.95 2.37] == settlements S=10000
[1.84 1.95 2.37] [null]   settle.js                          med    5912.0 us  [5773.0-6050.0] x5
[1.84 1.95 2.37] [null]   settle.wasm.scalar                 med    3486.9 us  [3467.5-3839.4] x8
[1.84 1.95 2.37] [null]   settle.wasm.autovec                med    3432.5 us  [3420.0-4301.3] x8
[1.77 1.94 2.36] [null]   day.k8.js.settle                   med    6081.3 us  [5709.3-6432.5] x60
[1.77 1.94 2.36] [null]   day.k8.js.flows                    med    2300.6 us  [2203.6-2572.5] x60
[1.77 1.94 2.36] [null]   day.k8.wasm.settle                 med    3561.7 us  [3494.9-4073.5] x60
[1.77 1.94 2.36] [null]   day.k8.wasm.flows                  med    1162.9 us  [1123.6-1360.4] x60
[1.71 1.92 2.35] [null]   day.k24.js.settle                  med    6011.8 us  [5884.0-6138.3] x60
[1.71 1.92 2.35] [null]   day.k24.js.flows                   med    6062.2 us  [5957.0-6197.7] x60
[1.71 1.92 2.35] [null]   day.k24.wasm.settle                med    3579.9 us  [3532.4-3671.7] x60
[1.71 1.92 2.35] [null]   day.k24.wasm.flows                 med    3278.5 us  [3222.2-3478.9] x60
[1.71 1.92 2.35] [null]   dense.onthefly.js.f64              med  445430.0 us  [426835.0-468935.0] x1
[1.65 1.91 2.34] [null]   dense.onthefly.wasm.f32.scalar     med  264295.0 us  [259905.0-268115.0] x1
[1.65 1.91 2.34] [null]   dense.onthefly.wasm.f32.simd       med   62720.0 us  [62600.0-64605.0] x1
[1.60 1.89 2.34]   determinism365: {"jsPopFoodPrice":"9af638a2cae216efada0f446","wasmPopFoodPrice":"9af638a2cae216efada0f446","jsHH":"9adf5efe","wasmHH":"9adf5efe","moneyConservedJS":true,"moneyConservedWasm":true,"pop0":209123878,"pop1":210712773,"jsYearMs":2771.754999998957,"wasmYearMs":1595.905000001192}
[1.60 1.89 2.34] [null]   ledger.js.float64-cents            med    3734.2 us  [3644.2-3914.2] x6
[1.60 1.89 2.34] [null]   ledger.js.bigint64                 med    3935.8 us  [3747.5-4790.8] x6
[1.60 1.89 2.34] [null]   ledger.wasm.i64                    med    2129.3 us  [1865.4-3078.2] x14
gc trace lines captured: 0 []
WAITLOAD end 05:03:31 load=1.60 1.89 2.34 2/169 32748
